#
# There is insufficient memory for the Java Runtime Environment to continue.
# Native memory allocation (mmap) failed to map 264241152 bytes. Error detail: G1 virtual space
# Possible reasons:
#   The system is out of physical RAM or swap space
#   This process is running with CompressedOops enabled, and the Java Heap may be blocking the growth of the native heap
# Possible solutions:
#   Reduce memory load on the system
#   Increase physical memory or swap space
#   Check if swap backing store is full
#   Decrease Java heap size (-Xmx/-Xms)
#   Decrease number of Java threads
#   Decrease Java thread stack sizes (-Xss)
#   Set larger code cache with -XX:ReservedCodeCacheSize=
#   JVM is running with Unscaled Compressed Oops mode in which the Java heap is
#     placed in the first 4GB address space. The Java Heap base address is the
#     maximum limit for the native heap growth. Please use -XX:HeapBaseMinAddress
#     to set the Java Heap base and to place the Java Heap above 4GB virtual address.
# This output file may be truncated or incomplete.
#
#  Out of Memory Error (os_windows.cpp:3631), pid=40044, tid=2788
#
# JRE version:  (22.0.1+8) (build )
# Java VM: Java HotSpot(TM) 64-Bit Server VM (22.0.1+8-16, mixed mode, sharing, tiered, compressed oops, compressed class ptrs, g1 gc, windows-amd64)
# No core dump will be written. Minidumps are not enabled by default on client versions of Windows
#

---------------  S U M M A R Y ------------

Command Line: -Dorg.gradle.internal.worker.tmpdir=D:\CODER\Nam3_2024-2025\KTTD\TotodayWebTesting\build\tmp\test\work -Xmx512m -Dfile.encoding=UTF-8 -Duser.country=US -Duser.language=en -Duser.variant -ea worker.org.gradle.process.internal.worker.GradleWorkerMain 'Gradle Test Executor 15'

Host: 12th Gen Intel(R) Core(TM) i7-12700H, 20 cores, 15G,  Windows 11 , 64 bit Build 22621 (10.0.22621.4391)
Time: Sun Feb 16 22:24:48 2025 SE Asia Standard Time elapsed time: 0.014587 seconds (0d 0h 0m 0s)

---------------  T H R E A D  ---------------

Current thread (0x0000025317323170):  JavaThread "Unknown thread" [_thread_in_vm, id=2788, stack(0x000000aed7e00000,0x000000aed7f00000) (1024K)]

Stack: [0x000000aed7e00000,0x000000aed7f00000]
Native frames: (J=compiled Java code, j=interpreted, Vv=VM code, C=native code)
V  [jvm.dll+0x6e2279]  (no source info available)
V  [jvm.dll+0x874e33]  (no source info available)
V  [jvm.dll+0x87725e]  (no source info available)
V  [jvm.dll+0x877933]  (no source info available)
V  [jvm.dll+0x27fd76]  (no source info available)
V  [jvm.dll+0x6de915]  (no source info available)
V  [jvm.dll+0x6d341a]  (no source info available)
V  [jvm.dll+0x3589da]  (no source info available)
V  [jvm.dll+0x360f06]  (no source info available)
V  [jvm.dll+0x3b3e2e]  (no source info available)
V  [jvm.dll+0x3b40d8]  (no source info available)
V  [jvm.dll+0x32c59c]  (no source info available)
V  [jvm.dll+0x32d158]  (no source info available)
V  [jvm.dll+0x83ccdc]  (no source info available)
V  [jvm.dll+0x3c0d71]  (no source info available)
V  [jvm.dll+0x825ccc]  (no source info available)
V  [jvm.dll+0x45b8fe]  (no source info available)
V  [jvm.dll+0x45d781]  (no source info available)
C  [jli.dll+0x52a3]  (no source info available)
C  [ucrtbase.dll+0x29333]  (no source info available)
C  [KERNEL32.DLL+0x1259d]  (no source info available)
C  [ntdll.dll+0x5af38]  (no source info available)


---------------  P R O C E S S  ---------------

Threads class SMR info:
_java_thread_list=0x00007fff3671b1c8, length=0, elements={
}

Java Threads: ( => current thread )
Total: 0

Other Threads:
  0x000002531734f450 WorkerThread "GC Thread#0"                     [id=22984, stack(0x000000aed7f00000,0x000000aed8000000) (1024K)]
  0x0000025317364510 ConcurrentGCThread "G1 Main Marker"            [id=20116, stack(0x000000aed8000000,0x000000aed8100000) (1024K)]
  0x0000025317364f30 WorkerThread "G1 Conc#0"                       [id=7900, stack(0x000000aed8100000,0x000000aed8200000) (1024K)]

[error occurred during error reporting (printing all threads), id 0xc0000005, EXCEPTION_ACCESS_VIOLATION (0xc0000005) at pc=0x00007fff35e6f367]
VM state: not at safepoint (not fully initialized)

VM Mutex/Monitor currently owned by a thread:  ([mutex/lock_event])
[0x00007fff3679bcb8] Heap_lock - owner thread: 0x0000025317323170

Heap address: 0x00000000e0000000, size: 512 MB, Compressed Oops mode: 32-bit

CDS archive(s) mapped at: [0x0000000000000000-0x0000000000000000-0x0000000000000000), size 0, SharedBaseAddress: 0x0000000800000000, ArchiveRelocationMode: 1.
Narrow klass base: 0x0000000000000000, Narrow klass shift: 0, Narrow klass range: 0x0

GC Precious Log:
 CardTable entry size: 512
 Card Set container configuration: InlinePtr #cards 5 size 8 Array Of Cards #cards 12 size 40 Howl #buckets 4 coarsen threshold 1843 Howl Bitmap #cards 512 size 80 coarsen threshold 460 Card regions per heap region 1 cards per card region 2048

Heap:
 garbage-first heap   total reserved 524288K, committed 0K, used 0K [0x00000000e0000000, 0x0000000100000000)
  region size 1024K, 0 young (0K), 0 survivors (0K)

[error occurred during error reporting (printing heap information), id 0xc0000005, EXCEPTION_ACCESS_VIOLATION (0xc0000005) at pc=0x00007fff3626e429]
GC Heap History (0 events):
No events

Dll operation events (1 events):
Event: 0.009 Loaded shared library C:\Program Files\Java\jdk-22\bin\java.dll

Deoptimization events (0 events):
No events

Classes loaded (0 events):
No events

Classes unloaded (0 events):
No events

Classes redefined (0 events):
No events

Internal exceptions (0 events):
No events

ZGC Phase Switch (0 events):
No events

VM Operations (0 events):
No events

Events (0 events):
No events


Dynamic libraries:
0x00007ff611660000 - 0x00007ff611670000 	C:\Program Files\Java\jdk-22\bin\java.exe
0x00007fffa09d0000 - 0x00007fffa0be7000 	C:\WINDOWS\SYSTEM32\ntdll.dll
0x00007fff9f9b0000 - 0x00007fff9fa74000 	C:\WINDOWS\System32\KERNEL32.DLL
0x00007fff9e1e0000 - 0x00007fff9e59a000 	C:\WINDOWS\System32\KERNELBASE.dll
0x00007fff9dc90000 - 0x00007fff9dda1000 	C:\WINDOWS\System32\ucrtbase.dll
0x00007fff95220000 - 0x00007fff9523b000 	C:\Program Files\Java\jdk-22\bin\VCRUNTIME140.dll
0x00007fff981e0000 - 0x00007fff981f7000 	C:\Program Files\Java\jdk-22\bin\jli.dll
0x00007fffa0310000 - 0x00007fffa03c2000 	C:\WINDOWS\System32\ADVAPI32.dll
0x00007fff9f8e0000 - 0x00007fff9f987000 	C:\WINDOWS\System32\msvcrt.dll
0x00007fffa06e0000 - 0x00007fffa0787000 	C:\WINDOWS\System32\sechost.dll
0x00007fff9ddb0000 - 0x00007fff9ddd8000 	C:\WINDOWS\System32\bcrypt.dll
0x00007fff9e750000 - 0x00007fff9e864000 	C:\WINDOWS\System32\RPCRT4.dll
0x00007fffa0530000 - 0x00007fffa06de000 	C:\WINDOWS\System32\USER32.dll
0x00007fff9e130000 - 0x00007fff9e156000 	C:\WINDOWS\System32\win32u.dll
0x00007fff9e870000 - 0x00007fff9e899000 	C:\WINDOWS\System32\GDI32.dll
0x00007fff9e5a0000 - 0x00007fff9e6bb000 	C:\WINDOWS\System32\gdi32full.dll
0x00007fff9dde0000 - 0x00007fff9de7a000 	C:\WINDOWS\System32\msvcp_win.dll
0x00007fff7f510000 - 0x00007fff7f7a2000 	C:\WINDOWS\WinSxS\amd64_microsoft.windows.common-controls_6595b64144ccf1df_6.0.22621.4541_none_2710d1c57384c085\COMCTL32.dll
0x00007fff9d8f0000 - 0x00007fff9d8fa000 	C:\WINDOWS\SYSTEM32\VERSION.dll
0x00007fff9f890000 - 0x00007fff9f8c1000 	C:\WINDOWS\System32\IMM32.DLL
0x000000006cbc0000 - 0x000000006cbcc000 	C:\Program Files (x86)\360\Total Security\safemon\SafeWrapper.dll
0x00007fff89c50000 - 0x00007fff89cfc000 	C:\Program Files (x86)\360\Total Security\safemon\libzdtp64.dll
0x00007fff9eae0000 - 0x00007fff9f359000 	C:\WINDOWS\System32\SHELL32.dll
0x00007fffa03d0000 - 0x00007fffa042e000 	C:\WINDOWS\System32\SHLWAPI.dll
0x00007fff98170000 - 0x00007fff9817c000 	C:\Program Files\Java\jdk-22\bin\vcruntime140_1.dll
0x00007fff92b30000 - 0x00007fff92bbe000 	C:\Program Files\Java\jdk-22\bin\msvcp140.dll
0x00007fff35b30000 - 0x00007fff36877000 	C:\Program Files\Java\jdk-22\bin\server\jvm.dll
0x00007fffa0810000 - 0x00007fffa0881000 	C:\WINDOWS\System32\WS2_32.dll
0x00007fff9ca80000 - 0x00007fff9cacd000 	C:\WINDOWS\SYSTEM32\POWRPROF.dll
0x00007fff97fc0000 - 0x00007fff97ff4000 	C:\WINDOWS\SYSTEM32\WINMM.dll
0x00007fff9ca60000 - 0x00007fff9ca73000 	C:\WINDOWS\SYSTEM32\UMPDC.dll
0x00007fff9cd20000 - 0x00007fff9cd38000 	C:\WINDOWS\SYSTEM32\kernel.appcore.dll
0x00007fff95210000 - 0x00007fff9521a000 	C:\Program Files\Java\jdk-22\bin\jimage.dll
0x00007fff9b5d0000 - 0x00007fff9b802000 	C:\WINDOWS\SYSTEM32\DBGHELP.DLL
0x00007fff9f460000 - 0x00007fff9f7f1000 	C:\WINDOWS\System32\combase.dll
0x00007fff9ff00000 - 0x00007fff9ffd7000 	C:\WINDOWS\System32\OLEAUT32.dll
0x00007fff949b0000 - 0x00007fff949e2000 	C:\WINDOWS\SYSTEM32\dbgcore.DLL
0x00007fff9e160000 - 0x00007fff9e1db000 	C:\WINDOWS\System32\bcryptPrimitives.dll
0x00007fff94210000 - 0x00007fff9422e000 	C:\Program Files\Java\jdk-22\bin\java.dll
0x00007fff9e8a0000 - 0x00007fff9ea45000 	C:\WINDOWS\System32\ole32.dll

dbghelp: loaded successfully - version: 4.0.5 - missing functions: none
symbol engine: initialized successfully - sym options: 0x614 - pdb path: .;C:\Program Files\Java\jdk-22\bin;C:\WINDOWS\SYSTEM32;C:\WINDOWS\WinSxS\amd64_microsoft.windows.common-controls_6595b64144ccf1df_6.0.22621.4541_none_2710d1c57384c085;C:\Program Files (x86)\360\Total Security\safemon;C:\Program Files\Java\jdk-22\bin\server

VM Arguments:
jvm_args: -Dorg.gradle.internal.worker.tmpdir=D:\CODER\Nam3_2024-2025\KTTD\TotodayWebTesting\build\tmp\test\work -Xmx512m -Dfile.encoding=UTF-8 -Duser.country=US -Duser.language=en -Duser.variant -ea 
java_command: worker.org.gradle.process.internal.worker.GradleWorkerMain 'Gradle Test Executor 15'
java_class_path (initial): C:\\Users\\A\\.gradle\\caches\\8.12\\workerMain\\gradle-worker.jar;D:\\CODER\\Nam3_2024-2025\\KTTD\\TotodayWebTesting\\build\\classes\\java\\test;D:\\CODER\\Nam3_2024-2025\\KTTD\\TotodayWebTesting\\build\\classes\\java\\main;C:\\Users\\A\\.gradle\\caches\\modules-2\\files-2.1\\org.testng\\reportng\\1.2.2\\57b789fca939dfed175e7883247288223475e626\\reportng-1.2.2.jar;C:\\Users\\A\\.gradle\\caches\\modules-2\\files-2.1\\org.testng\\testng\\7.10.2\\30742acada21960d4333a4204039fbdc6a92083a\\testng-7.10.2.jar;C:\\Users\\A\\.gradle\\caches\\modules-2\\files-2.1\\org.seleniumhq.selenium\\selenium-java\\4.28.1\\2cc38c8dbef9d6e8774f05c2d2e8088180858ed4\\selenium-java-4.28.1.jar;C:\\Users\\A\\.gradle\\caches\\modules-2\\files-2.1\\io.github.bonigarcia\\webdrivermanager\\5.9.2\\61d2d9413ab230f401d2e9aac3bca0baf02b143c\\webdrivermanager-5.9.2.jar;C:\\Users\\A\\.gradle\\caches\\modules-2\\files-2.1\\org.seleniumhq.selenium\\selenium-chrome-driver\\4.28.1\\b88cebcf7333d13be0ac5d9ca140ff9fc99b1f8e\\selenium-chrome-driver-4.28.1.jar;C:\\Users\\A\\.gradle\\caches\\modules-2\\files-2.1\\org.seleniumhq.selenium\\selenium-edge-driver\\4.28.1\\a332f0a9452efe144ee8d79816f9e19fe39e58b4\\selenium-edge-driver-4.28.1.jar;C:\\Users\\A\\.gradle\\caches\\modules-2\\files-2.1\\org.seleniumhq.selenium\\selenium-chromium-driver\\4.28.1\\b971487980a54574c3d46c9bf0341710c86a9b5a\\selenium-chromium-driver-4.28.1.jar;C:\\Users\\A\\.gradle\\caches\\modules-2\\files-2.1\\com.github.docker-java\\docker-java-transport-httpclient5\\3.4.0\\1de4515029dee34e0bf04eb2db2073107862c173\\docker-java-transport-httpclient5-3.4.0.jar;C:\\Users\\A\\.gradle\\caches\\modules-2\\files-2.1\\org.apache.httpcomponents.client5\\httpclient5\\5.2.1\\c900514d3446d9ce5d9dbd90c21192048125440\\httpclient5-5.2.1.jar;C:\\Users\\A\\.gradle\\caches\\modules-2\\files-2.1\\com.github.docker-java\\docker-java\\3.4.0\\74afcd1d3ca458e8adfc9fa910cd8467187230d5\\docker-java-3.4.0.jar;C:\\Users\\A\\.gradle\\caches\\modules-2\\files-2.1\\com.github.docker-java\\docker-java-core\\3.4.0\\520ce1892e4f9a38ed51fedfc8682ea073af1df\\docker-java-core-3.4.0.jar;C:\\Users\\A\\.gradle\\caches\\modules-2\\files-2.1\\org.slf4j\\jcl-over-slf4j\\1.7.30\\cd92524ea19d27e5b94ecd251e1af729cffdfe15\\jcl-over-slf4j-1.7.30.jar;C:\\Users\\A\\.gradle\\caches\\modules-2\\files-2.1\\com.github.docker-java\\docker-java-api\\3.4.0\\9ef23dcc93693f15e69b64632be096c38e31bc44\\docker-java-api-3.4.0.jar;C:\\Users\\A\\.gradle\\caches\\modules-2\\files-2.1\\org.slf4j\\slf4j-api\\2.0.13\\80229737f704b121a318bba5d5deacbcf395bc77\\slf4j-api-2.0.13.jar;C:\\Users\\A\\.gradle\\caches\\modules-2\\files-2.1\\com.beust\\jcommander\\1.82\\a7c5fef184d238065de38f81bbc6ee50cca2e21\\jcommander-1.82.jar;C:\\Users\\A\\.gradle\\caches\\modules-2\\files-2.1\\org.webjars\\jquery\\3.7.1\\42088e652462c40a369b64d87e18e825644acfab\\jquery-3.7.1.jar;C:\\Users\\A\\.gradle\\caches\\modules-2\\files-2.1\\org.seleniumhq.selenium\\selenium-devtools-v130\\4.28.1\\2ebfb80448483ecb967bfb2bfc5e83d929c84c98\\selenium-devtools-v130-4.28.1.jar;C:\\Users\\A\\.gradle\\caches\\modules-2\\files-2.1\\org.seleniumhq.selenium\\selenium-devtools-v131\\4.28.1\\9071645ff0b06bd25bb6aeafa31eeda8e0e524b8\\selenium-devtools-v131-4.28.1.jar;C:\\Users\\A\\.gradle\\caches\\modules-2\\files-2.1\\org.seleniumhq.selenium\\selenium-devtools-v132\\4.28.1\\93cafcd500b82cae6d05cf002bdcad9cb296926b\\selenium-devtools-v132-4.28.1.jar;C:\\Users\\A\\.gradle\\caches\\modules-2\\files-2.1\\org.seleniumhq.selenium\\selenium-firefox-driver\\4.28.1\\4878025f00379f06fd50c0d4edc493b62c1d8c52\\selenium-firefox-driver-4.28.1.jar;C:\\Users\\A\\.gradle\\caches\\modules-2\\files-2.1\\org.seleniumhq.selenium\\selenium-devtools-v85\\4.28.1\\786a93d6de154df7c02afc77888a14b5b9068a51\\selenium-devtools-v85-4.28.1.jar;C:\\Users\\A\\.gradle\\caches\\modules-2\\files-2.1\\org.seleniumhq.selenium\\selenium-ie-driver\\4.28.1\\6191ff21cdfe40cb0f465f47fa73a121bbef00de\\selenium-ie-driver-4.28.1.jar;C:\\Users\\A\\.gradle\\caches\\modules-2\\files-2.1\\org.seleniumhq.selenium\\selenium-safari-driver\\4.28.1\\e2af27470b441fb8f46f3b0ef1608cf825b2c996\\selenium-safari-driver-4.28.1.jar;C:\\Users\\A\\.gradle\\caches\\modules-2\\files-2.1\\org.seleniumhq.selenium\\selenium-support\\4.28.1\\c1145dd6c8e1a5afd054affceab1249c05371b52\\selenium-support-4.28.1.jar;C:\\Users\\A\\.gradle\\caches\\modules-2\\files-2.1\\org.seleniumhq.selenium\\selenium-remote-driver\\4.28.1\\af511b0ac68dba28e950420ea31ae39573e4921e\\selenium-remote-driver-4.28.1.jar;C:\\Users\\A\\.gradle\\caches\\modules-2\\files-2.1\\org.seleniumhq.selenium\\selenium-manager\\4.28.1\\62127a5dc600ccb0561c65bc650c5e6772760cb4\\selenium-manager-4.28.1.jar;C:\\Users\\A\\.gradle\\caches\\modules-2\\files-2.1\\org.seleniumhq.selenium\\selenium-http\\4.28.1\\b55723f3db5652abe450527dbb23df5edabf2be8\\selenium-http-4.28.1.jar;C:\\Users\\A\\.gradle\\caches\\modules-2\\files-2.1\\org.seleniumhq.selenium\\selenium-json\\4.28.1\\29358392fe46e47a9b12411cb8ab4376af1d0f68\\selenium-json-4.28.1.jar;C:\\Users\\A\\.gradle\\caches\\modules-2\\files-2.1\\org.seleniumhq.selenium\\selenium-os\\4.28.1\\2e7ab2c1b46c9002de68078fae3bbba8aeefb9e9\\selenium-os-4.28.1.jar;C:\\Users\\A\\.gradle\\caches\\modules-2\\files-2.1\\org.seleniumhq.selenium\\selenium-api\\4.28.1\\2c573db5a4f4ded07e082d1147dd4fbbc616622e\\selenium-api-4.28.1.jar;C:\\Users\\A\\.gradle\\caches\\modules-2\\files-2.1\\com.google.code.gson\\gson\\2.11.0\\527175ca6d81050b53bdd4c457a6d6e017626b0e\\gson-2.11.0.jar;C:\\Users\\A\\.gradle\\caches\\modules-2\\files-2.1\\org.brotli\\dec\\0.1.2\\c26a897ae0d524809eef1c786cc6183b4ddcc3b\\dec-0.1.2.jar;C:\\Users\\A\\.gradle\\caches\\modules-2\\files-2.1\\org.apache.commons\\commons-compress\\1.26.2\\eb1f823447af685208e684fce84783b43517960c\\commons-compress-1.26.2.jar;C:\\Users\\A\\.gradle\\caches\\modules-2\\files-2.1\\org.apache.commons\\commons-lang3\\3.15.0\\21581109b4be710ea4b195d5760392ec284f9f11\\commons-lang3-3.15.0.jar;C:\\Users\\A\\.gradle\\caches\\modules-2\\files-2.1\\com.google.auto.service\\auto-service-annotations\\1.1.1\\da12a15cd058ba90a0ff55357fb521161af4736d\\auto-service-annotations-1.1.1.jar;C:\\Users\\A\\.gradle\\caches\\modules-2\\files-2.1\\org.freemarker\\freemarker\\2.3.28\\7200064467a935052f99d114c2c05c3d189bc6d6\\freemarker-2.3.28.jar;C:\\Users\\A\\.gradle\\caches\\modules-2\\files-2.1\\com.google.inject\\guice\\4.2.0\\25e1f4c1d528a1cffabcca0d432f634f3132f6c8\\guice-4.2.0.jar;C:\\Users\\A\\.gradle\\caches\\modules-2\\files-2.1\\org.jspecify\\jspecify\\1.0.0\\7425a601c1c7ec76645a78d22b8c6a627edee507\\jspecify-1.0.0.jar;C:\\Users\\A\\.gradle\\caches\\modules-2\\files-2.1\\com.google.guava\\guava\\33.4.0-jre\\3fcc0a259f724c7de54a6a55ea7e26d3d5c0cac\\guava-33.4.0-jre.jar;C:\\Users\\A\\.gradle\\caches\\modules-2\\files-2.1\\io.opentelemetry.semconv\\opentelemetry-semconv\\1.28.0-alpha\\90d4d4dc28153eed4af75759b610a1bf81b77b75\\opentelemetry-semconv-1.28.0-alpha.jar;C:\\Users\\A\\.gradle\\caches\\modules-2\\files-2.1\\io.opentelemetry\\opentelemetry-exporter-logging\\1.46.0\\a0ef76a383a086b812395ca5a5cdf94804a59a3f\\opentelemetry-exporter-logging-1.46.0.jar;C:\\Users\\A\\.gradle\\caches\\modules-2\\files-2.1\\io.opentelemetry\\opentelemetry-sdk-extension-autoconfigure\\1.46.0\\6b2e0222c1130da6005677394fe957e75a97d8f3\\opentelemetry-sdk-extension-autoconfigure-1.46.0.jar;C:\\Users\\A\\.gradle\\caches\\modules-2\\files-2.1\\io.opentelemetry\\opentelemetry-sdk-extension-autoconfigure-spi\\1.46.0\\eb2081c3e8a3e73cab3c0c47ad8fb59e39216dc5\\opentelemetry-sdk-extension-autoconfigure-spi-1.46.0.jar;C:\\Users\\A\\.gradle\\caches\\modules-2\\files-2.1\\io.opentelemetry\\opentelemetry-sdk\\1.46.0\\b3a77fff1084177c4f5099bbb7db6181d6efd752\\opentelemetry-sdk-1.46.0.jar;C:\\Users\\A\\.gradle\\caches\\modules-2\\files-2.1\\io.opentelemetry\\opentelemetry-sdk-trace\\1.46.0\\c6e39faabf0741780189861156d0a7763e942796\\opentelemetry-sdk-trace-1.46.0.jar;C:\\Users\\A\\.gradle\\caches\\modules-2\\files-2.1\\io.opentelemetry\\opentelemetry-sdk-metrics\\1.46.0\\475d900ffd0567a7ddf2452290b2e5d51ac35c58\\opentelemetry-sdk-metrics-1.46.0.jar;C:\\Users\\A\\.gradle\\caches\\modules-2\\files-2.1\\io.opentelemetry\\opentelemetry-sdk-logs\\1.46.0\\1bd9bb4f3ce9ac573613b353a78d51491cd02bbd\\opentelemetry-sdk-logs-1.46.0.jar;C:\\Users\\A\\.gradle\\caches\\modules-2\\files-2.1\\io.opentelemetry\\opentelemetry-sdk-common\\1.46.0\\1d353ee4e980ff77c742350fc7000b732b6c6b3f\\opentelemetry-sdk-common-1.46.0.jar;C:\\Users\\A\\.gradle\\caches\\modules-2\\files-2.1\\io.opentelemetry\\opentelemetry-api-incubator\\1.46.0-alpha\\1a708444d2818ac1a47767a2b35d74ef55d26af8\\opentelemetry-api-incubator-1.46.0-alpha.jar;C:\\Users\\A\\.gradle\\caches\\modules-2\\files-2.1\\io.opentelemetry\\opentelemetry-api\\1.46.0\\afd2d5781454088400cceabbe84f7a9b29d27161\\opentelemetry-api-1.46.0.jar;C:\\Users\\A\\.gradle\\caches\\modules-2\\files-2.1\\io.opentelemetry\\opentelemetry-context\\1.46.0\\8cee1fa7ec9129f7b252595c612c19f4570d567f\\opentelemetry-context-1.46.0.jar;C:\\Users\\A\\.gradle\\caches\\modules-2\\files-2.1\\net.bytebuddy\\byte-buddy\\1.15.11\\f61886478e0f9ee4c21d09574736f0ff45e0a46c\\byte-buddy-1.15.11.jar;C:\\Users\\A\\.gradle\\caches\\modules-2\\files-2.1\\com.google.errorprone\\error_prone_annotations\\2.36.0\\227d4d4957ccc3dc5761bd897e3a0ee587e750a7\\error_prone_annotations-2.36.0.jar;C:\\Users\\A\\.gradle\\caches\\modules-2\\files-2.1\\com.github.docker-java\\docker-java-transport\\3.4.0\\c058705684d782effc4b2edfdef1a87544ba4af8\\docker-java-transport-3.4.0.jar;C:\\Users\\A\\.gradle\\caches\\modules-2\\files-2.1\\net.java.dev.jna\\jna\\5.13.0\\1200e7ebeedbe0d10062093f32925a912020e747\\jna-5.13.0.jar;C:\\Users\\A\\.gradle\\caches\\modules-2\\files-2.1\\commons-codec\\commons-codec\\1.17.0\\dbe8eef6e14460e73da07f7b11bf994d6626355\\commons-codec-1.17.0.jar;C:\\Users\\A\\.gradle\\caches\\modules-2\\files-2.1\\commons-io\\commons-io\\2.16.1\\377d592e740dc77124e0901291dbfaa6810a200e\\commons-io-2.16.1.jar;C:\\Users\\A\\.gradle\\caches\\modules-2\\files-2.1\\org.apache.httpcomponents.core5\\httpcore5-h2\\5.2\\698bd8c759ccc7fd7398f3179ff45d0e5a7ccc16\\httpcore5-h2-5.2.jar;C:\\Users\\A\\.gradle\\caches\\modules-2\\files-2.1\\org.apache.httpcomponents.core5\\httpcore5\\5.2\\ab7d251b8dfa3f2878f1eefbcca0e1fc0ebeba27\\httpcore5-5.2.jar;C:\\Users\\A\\.gradle\\caches\\modules-2\\files-2.1\\javax.inject\\javax.inject\\1\\6975da39a7040257bd51d21a231b76c915872d38\\javax.inject-1.jar;C:\\Users\\A\\.gradle\\caches\\modules-2\\files-2.1\\aopalliance\\aopalliance\\1.0\\235ba8b489512805ac13a8f9ea77a1ca5ebe3e8\\aopalliance-1.0.jar;C:\\Users\\A\\.gradle\\caches\\modules-2\\files-2.1\\com.google.guava\\failureaccess\\1.0.2\\c4a06a64e650562f30b7bf9aaec1bfed43aca12b\\failureaccess-1.0.2.jar;C:\\Users\\A\\.gradle\\caches\\modules-2\\files-2.1\\com.google.guava\\listenablefuture\\9999.0-empty-to-avoid-conflict-with-guava\\b421526c5f297295adef1c886e5246c39d4ac629\\listenablefuture-9999.0-empty-to-avoid-conflict-with-guava.jar;C:\\Users\\A\\.gradle\\caches\\modules-2\\files-2.1\\com.google.code.findbugs\\jsr305\\3.0.2\\25ea2e8b0c338a877313bd4672d3fe056ea78f0d\\jsr305-3.0.2.jar;C:\\Users\\A\\.gradle\\caches\\modules-2\\files-2.1\\org.checkerframework\\checker-qual\\3.43.0\\9425eee39e56b116d2b998b7c2cebcbd11a3c98b\\checker-qual-3.43.0.jar;C:\\Users\\A\\.gradle\\caches\\modules-2\\files-2.1\\com.google.j2objc\\j2objc-annotations\\3.0.0\\7399e65dd7e9ff3404f4535b2f017093bdb134c7\\j2objc-annotations-3.0.0.jar;C:\\Users\\A\\.gradle\\caches\\modules-2\\files-2.1\\org.apache.commons\\commons-exec\\1.4.0\\e9061b21958bfaf1cb736eb22e36cbf02d8fe9f\\commons-exec-1.4.0.jar;C:\\Users\\A\\.gradle\\caches\\modules-2\\files-2.1\\com.fasterxml.jackson.core\\jackson-databind\\2.10.3\\aae92628b5447fa25af79871ca98668da6edd439\\jackson-databind-2.10.3.jar;C:\\Users\\A\\.gradle\\caches\\modules-2\\files-2.1\\com.fasterxml.jackson.core\\jackson-annotations\\2.10.3\\f63b3b1da563767d04d2e4d3fc1ae0cdeffebe7\\jackson-annotations-2.10.3.jar;C:\\Users\\A\\.gradle\\caches\\modules-2\\files-2.1\\com.fasterxml.jackson.core\\jackson-core\\2.10.3\\f7ee7b55c7d292ac72fbaa7648c089f069c938d2\\jackson-core-2.10.3.jar
Launcher Type: SUN_STANDARD

[Global flags]
     intx CICompilerCount                          = 12                                        {product} {ergonomic}
     uint ConcGCThreads                            = 4                                         {product} {ergonomic}
     uint G1ConcRefinementThreads                  = 15                                        {product} {ergonomic}
   size_t G1HeapRegionSize                         = 1048576                                   {product} {ergonomic}
   size_t InitialHeapSize                          = 264241152                                 {product} {ergonomic}
   size_t MarkStackSize                            = 4194304                                   {product} {ergonomic}
   size_t MaxHeapSize                              = 536870912                                 {product} {command line}
   size_t MinHeapDeltaBytes                        = 1048576                                   {product} {ergonomic}
   size_t MinHeapSize                              = 8388608                                   {product} {ergonomic}
    uintx NonNMethodCodeHeapSize                   = 7602480                                {pd product} {ergonomic}
    uintx NonProfiledCodeHeapSize                  = 122027880                              {pd product} {ergonomic}
    uintx ProfiledCodeHeapSize                     = 122027880                              {pd product} {ergonomic}
    uintx ReservedCodeCacheSize                    = 251658240                              {pd product} {ergonomic}
     bool SegmentedCodeCache                       = true                                      {product} {ergonomic}
   size_t SoftMaxHeapSize                          = 536870912                              {manageable} {ergonomic}
     bool UseCompressedOops                        = true                           {product lp64_product} {ergonomic}
     bool UseG1GC                                  = true                                      {product} {ergonomic}
     bool UseLargePagesIndividualAllocation        = false                                  {pd product} {ergonomic}

Logging:
Log output configuration:
 #0: stdout all=warning uptime,level,tags foldmultilines=false
 #1: stderr all=off uptime,level,tags foldmultilines=false

Environment Variables:
JAVA_HOME=C:\Program Files\Java\jdk-22
PATH=C:\Program Files (x86)\VMware\VMware Workstation\bin\;C:\Windows\system32;C:\Windows;C:\Windows\System32\Wbem;C:\Windows\System32\WindowsPowerShell\v1.0\;C:\Windows\System32\OpenSSH\;C:\Program Files (x86)\NVIDIA Corporation\PhysX\Common;C:\Program Files\NVIDIA Corporation\NVIDIA NvDLISR;C:\WINDOWS\system32;C:\WINDOWS;C:\WINDOWS\System32\Wbem;C:\WINDOWS\System32\WindowsPowerShell\v1.0\;C:\WINDOWS\System32\OpenSSH\;C:\Program Files\dotnet\;C:\Program Files\Java\jdk-22\bin;C:\Program Files\Git\cmd;C:\apache-maven-3.9.8\bin;C:\Program Files\Docker\Docker\resources\bin;C:\sqlite;C:\Program Files\nodejs\;C:\gradle-8.12.1\bin;C:\Program Files\MySQL\MySQL Shell 8.0\bin\;C:\Users\A\AppData\Local\Programs\Python\Python312\Scripts\;C:\Users\A\AppData\Local\Programs\Python\Python312\;C:\Users\A\AppData\Local\Programs\Python\Launcher\;C:\Users\A\AppData\Local\Microsoft\WindowsApps;;C:\Users\A\AppData\Local\Programs\Microsoft VS Code\bin;C:\Program Files\JetBrains\IntelliJ IDEA Community Edition 2024.1.2\bin;;C:\Users\A\AppData\Roaming\npm
USERNAME=Admin
OS=Windows_NT
PROCESSOR_IDENTIFIER=Intel64 Family 6 Model 154 Stepping 3, GenuineIntel
TMP=C:\Users\A\AppData\Local\Temp
TEMP=C:\Users\A\AppData\Local\Temp




Periodic native trim disabled

---------------  S Y S T E M  ---------------

OS:
 Windows 11 , 64 bit Build 22621 (10.0.22621.4391)
OS uptime: 18 days 23:11 hours
Hyper-V role detected

CPU: total 20 (initial active 20) (10 cores per cpu, 2 threads per core) family 6 model 154 stepping 3 microcode 0x429, cx8, cmov, fxsr, ht, mmx, 3dnowpref, sse, sse2, sse3, ssse3, sse4.1, sse4.2, popcnt, lzcnt, tsc, tscinvbit, avx, avx2, aes, erms, clmul, bmi1, bmi2, adx, sha, fma, vzeroupper, clflush, clflushopt, clwb, hv, serialize, rdtscp, rdpid, fsrm, f16c, cet_ibt, cet_ss
Processor Information for all 20 processors :
  Max Mhz: 2300, Current Mhz: 2300, Mhz Limit: 2300

Memory: 4k page, system-wide physical 16004M (588M free)
TotalPageFile size 55300M (AvailPageFile size 181M)
current process WorkingSet (physical memory assigned to process): 13M, peak: 13M
current process commit charge ("private bytes"): 75M, peak: 326M

vm_info: Java HotSpot(TM) 64-Bit Server VM (22.0.1+8-16) for windows-amd64 JRE (22.0.1+8-16), built on 2024-03-12T10:33:16Z by "mach5one" with MS VC++ 17.6 (VS2022)

END.
